###############################################################################
#
# IAR ELF Linker V8.50.9.278/W32 for ARM                  24/Feb/2021  21:25:47
# Copyright 2007-2020 IAR Systems AB.
#
#    Output file  =
#        C:\Projetos\Hugo\EK-TM4C1294_IAR8\Projects\new_project\Debug\Exe\new_project.out
#    Map file     =
#        C:\Projetos\Hugo\EK-TM4C1294_IAR8\Projects\new_project\Debug\List\new_project.map
#    Command line =
#        -f C:\Users\tuca_\AppData\Local\Temp\EWA162.tmp
#        (C:\Projetos\Hugo\EK-TM4C1294_IAR8\TivaWare_C_Series-2.1.4.178\driverlib\ewarm\Exe\driverlib.a
#        C:\Projetos\Hugo\EK-TM4C1294_IAR8\Projects\new_project\Debug\Obj\simple_io_main_sp_artur.o
#        C:\Projetos\Hugo\EK-TM4C1294_IAR8\Projects\new_project\Debug\Obj\startup_TM4C1294.o
#        C:\Projetos\Hugo\EK-TM4C1294_IAR8\Projects\new_project\Debug\Obj\system_TM4C1294_TW.o
#        --no_out_extension -o
#        C:\Projetos\Hugo\EK-TM4C1294_IAR8\Projects\new_project\Debug\Exe\new_project.out
#        --map
#        C:\Projetos\Hugo\EK-TM4C1294_IAR8\Projects\new_project\Debug\List\new_project.map
#        --config "C:\Program Files (x86)\IAR Systems\Embedded Workbench
#        8.4\arm\config\linker\TexasInstruments\TM4C1294NC.icf" --semihosting
#        --entry __iar_program_start --vfe --text_out locale)
#
###############################################################################

*******************************************************************************
*** MESSAGES
***

Warning[Lt009]: Inconsistent wchar_t size
            gpio.o(driverlib.a) and 3 other objects in driverlib.a have wchar_t
                      size 16 bits
            simple_io_main_sp_artur.o and 14 other objects, some of them in
                      dl7M_tln.a and 11 other libraries have wchar_t size 32
                      bits


*******************************************************************************
*** RUNTIME MODEL ATTRIBUTES
***

CppFlavor       = *
__SystemLibrary = DLib
__dlib_version  = 6


*******************************************************************************
*** HEAP SELECTION
***

The basic heap was selected because some modules are built with
size limitations (and not runtime checking), and --advanced_heap
was not specified.


*******************************************************************************
*** PLACEMENT SUMMARY
***

"A0":  place at address 0x0 { ro section .intvec };
"P1":  place in [from 0x0 to 0xf'ffff] { ro };
define block CSTACK with size = 32K, alignment = 8 { };
define block HEAP with size = 64K, alignment = 8 { };
"P2":  place in [from 0x2000'0000 to 0x2003'ffff] {
          rw, block CSTACK, block HEAP };

  Section   Kind         Address    Size  Object
  -------   ----         -------    ----  ------
"A0":                              0x3c0
  .intvec   ro code          0x0   0x3c0  startup_TM4C1294.o [1]
                         - 0x3c0   0x3c0

"P1":                              0x750
  .text     ro code        0x3c0   0x4e8  sysctl.o [3]
  .text     ro code        0x8a8   0x148  gpio.o [3]
  .text     ro code        0x9f0    0x78  simple_io_main_sp_artur.o [1]
  .text     ro code        0xa68    0x30  system_TM4C1294_TW.o [1]
  .text     ro code        0xa98    0x1e  cmain.o [4]
  .text     ro code        0xab6     0x4  low_level_init.o [2]
  .text     ro code        0xaba     0x4  exit.o [2]
  .text     ro code        0xabe     0x2  startup_TM4C1294.o [1]
  .text     ro code        0xac0     0xa  cexit.o [4]
  .text     ro code        0xacc    0x14  exit.o [5]
  .text     ro code        0xae0    0x1c  cstartup_M.o [4]
  .text     ro code        0xafc    0x14  startup_TM4C1294.o [1]
                         - 0xb10   0x750

"P2":                             0x8008
  .noinit   uninit   0x2000'0000     0x4  system_TM4C1294_TW.o [1]
  CSTACK             0x2000'0008  0x8000  <Block>
    CSTACK  uninit   0x2000'0008  0x8000  <Block tail>
                   - 0x2000'8008  0x8008

Unused ranges:

         From           To      Size
         ----           --      ----
        0xb10     0xf'ffff  0xf'f4f0
  0x2000'8008  0x2003'ffff  0x3'7ff8



*******************************************************************************
*** MODULE SUMMARY
***

    Module                     ro code  rw data
    ------                     -------  -------
command line/config:
    -------------------------------------------
    Total:

C:\Projetos\Hugo\EK-TM4C1294_IAR8\Projects\new_project\Debug\Obj: [1]
    simple_io_main_sp_artur.o      120
    startup_TM4C1294.o             982
    system_TM4C1294_TW.o            48        4
    -------------------------------------------
    Total:                       1'150        4

dl7M_tln.a: [2]
    exit.o                           4
    low_level_init.o                 4
    -------------------------------------------
    Total:                           8

driverlib.a: [3]
    gpio.o                         328
    sysctl.o                     1'256
    -------------------------------------------
    Total:                       1'584

rt7M_tl.a: [4]
    cexit.o                         10
    cmain.o                         30
    cstartup_M.o                    28
    -------------------------------------------
    Total:                          68

shb_l.a: [5]
    exit.o                          20
    -------------------------------------------
    Total:                          20

    Gaps                             2
    Linker created                       32'768
-----------------------------------------------
    Grand Total:                 2'832   32'772


*******************************************************************************
*** ENTRY LIST
***

Entry                       Address   Size  Type      Object
-----                       -------   ----  ----      ------
?main                         0xa99         Code  Gb  cmain.o [4]
CSTACK$$Base            0x2000'0008          --   Gb  - Linker created -
CSTACK$$Limit           0x2000'8008          --   Gb  - Linker created -
GPIODirModeSet                0x8a9   0x28  Code  Gb  gpio.o [3]
GPIOPadConfigSet              0x8d1   0xfe  Code  Gb  gpio.o [3]
GPIOPinTypeGPIOOutput         0x9d5    0xa  Code  Gb  gpio.o [3]
GPIOPinWrite                  0x9cf    0x6  Code  Gb  gpio.o [3]
Region$$Table$$Base             0x0          --   Gb  - Linker created -
Region$$Table$$Limit            0x0          --   Gb  - Linker created -
SysCtlClockFreqSet            0x425  0x204  Code  Gb  sysctl.o [3]
SysCtlDelay                   0x41d    0x8  Code  Gb  sysctl.o [3]
SysCtlPeripheralEnable        0x401    0x8  Code  Gb  sysctl.o [3]
SysCtlPeripheralReady         0x3e1    0x8  Code  Gb  sysctl.o [3]
SystemCoreClock         0x2000'0000    0x4  Data  Gb  system_TM4C1294_TW.o [1]
SystemInit                    0xa69   0x1e  Code  Gb  system_TM4C1294_TW.o [1]
_SysCtlMemTimingGet           0x3c1   0x20  Code  Lc  sysctl.o [3]
__Vectors                       0x0          --   Gb  startup_TM4C1294.o [1]
__Vectors_End                 0x3c0         Data  Gb  startup_TM4C1294.o [1]
__Vectors_Size {Abs}          0x3c0          --   Gb  startup_TM4C1294.o [1]
__cmain                       0xa99         Code  Gb  cmain.o [4]
__exit                        0xacd   0x14  Code  Gb  exit.o [5]
__iar_init_vfp                0xb05         Code  Wk  startup_TM4C1294.o [1]
__iar_program_start           0xae1         Code  Gb  cstartup_M.o [4]
__low_level_init              0xab7    0x4  Code  Gb  low_level_init.o [2]
__vector_table                  0x0         Data  Gb  startup_TM4C1294.o [1]
__vector_table_0x1c            0x1c         Data  Gb  startup_TM4C1294.o [1]
_call_main                    0xaa5         Code  Gb  cmain.o [4]
_exit                         0xac1         Code  Gb  cexit.o [4]
_main                         0xaaf         Code  Gb  cmain.o [4]
exit                          0xabb    0x4  Code  Gb  exit.o [2]
g_pppui32XTALtoVCO            0x6c0  0x1b0  Data  Lc  sysctl.o [3]
g_pui32VCOFrequencies         0x8a0    0x8  Data  Lc  sysctl.o [3]
g_pui32Xtals                  0x654   0x6c  Data  Lc  sysctl.o [3]
g_sXTALtoMEMTIM               0x870   0x30  Data  Lc  sysctl.o [3]
main                          0x9f1   0x78  Code  Gb  simple_io_main_sp_artur.o [1]


[1] = C:\Projetos\Hugo\EK-TM4C1294_IAR8\Projects\new_project\Debug\Obj
[2] = dl7M_tln.a
[3] = driverlib.a
[4] = rt7M_tl.a
[5] = shb_l.a

   2'832 bytes of readonly  code memory
  32'772 bytes of readwrite data memory

Errors: none
Warnings: 1
